// Jest Snapshot v1, https://goo.gl/fbAQLP

exports[`<Form /> Assert DOM stability via snapshot 1`] = `
Array [
  <div>
    <form
      onSubmit={[Function]}
    >
      <label>
        Name :
        <input
          name="name"
        />
      </label>
      <br />
      <label>
        Note :
        <textarea
          name="note"
        />
      </label>
      <br />
      <label>
        complete
        <input
          name="status"
          type="radio"
          value="complete"
        />
      </label>
      <label>
        Incomplete
        <input
          name="status"
          type="radio"
          value="Incomplete"
        />
      </label>
      <br />
      <label>
        difficulty:
        <select
          name="difficulty"
        >
          <option
            value="1"
          >
            1
          </option>
          <option
            value="2"
          >
            2
          </option>
          <option
            value="3"
          >
            3
          </option>
          <option
            value="4"
          >
            4
          </option>
          <option
            value="5"
          >
            5
          </option>
        </select>
      </label>
      <br />
      <button
        id="sub"
        type="submit"
      >
        Submit
      </button>
    </form>
  </div>,
  <br />,
  <div>
    <h2>
      ToDo List:
    </h2>
    <ul />
  </div>,
]
`;
